09:39:16 **** Incremental Build of configuration Debug for project blackpill_blinky ****
make -j8 all 
arm-none-eabi-gcc "../Core/Src/main.c" -mcpu=cortex-m4 -std=gnu11 -g3 -DDEBUG -DUSE_HAL_DRIVER -DSTM32F411xE -c -I../Core/Inc -I../Drivers/STM32F4xx_HAL_Driver/Inc -I../Drivers/STM32F4xx_HAL_Driver/Inc/Legacy -I../Drivers/CMSIS/Device/ST/STM32F4xx/Include -I../Drivers/CMSIS/Include -O0 -ffunction-sections -fdata-sections -Wall -fstack-usage -fcyclomatic-complexity -MMD -MP -MF"Core/Src/main.d" -MT"Core/Src/main.o" --specs=nano.specs -mfpu=fpv4-sp-d16 -mfloat-abi=hard -mthumb -o "Core/Src/main.o"
arm-none-eabi-gcc -o "blackpill_blinky.elf" @"objects.list"   -mcpu=cortex-m4 -T"C:\Github src\LearningSTM32\blackpill_blinky\STM32F411CEUX_FLASH.ld" --specs=nosys.specs -Wl,-Map="blackpill_blinky.map" -Wl,--gc-sections -static --specs=nano.specs -mfpu=fpv4-sp-d16 -mfloat-abi=hard -mthumb -Wl,--start-group -lc -lm -Wl,--end-group
Finished building target: blackpill_blinky.elf
 
arm-none-eabi-size  blackpill_blinky.elf 
arm-none-eabi-objdump -h -S blackpill_blinky.elf  > "blackpill_blinky.list"
   text	   data	    bss	    dec	    hex	filename
  10896	    104	   1976	  12976	   32b0	blackpill_blinky.elf
Finished building: default.size.stdout
 
Finished building: blackpill_blinky.list
 

09:39:17 Build Finished. 0 errors, 0 warnings. (took 931ms)

